// Jest Snapshot v1, https://goo.gl/fbAQLP

exports[`Popup スナップショットテスト 1`] = `
<div>
  <div
    class="fixed inset-0 z-50 flex items-center justify-center"
  >
    <div
      class="fixed inset-0 bg-black/20 backdrop-blur-sm"
      data-testid="popup-backdrop"
      role="button"
      tabindex="0"
    />
    <div
      class="relative p-6 rounded-lg shadow-lg bg-chat-bg text-gray-700 max-w-sm w-full mx-4 transform transition-all duration-200 ease-out"
    >
      <button
        class="rounded-lg transition-colors focus:outline-none focus:ring-2 focus:ring-offset-2 bg-transparent text-gray-800 hover:bg-red-100 focus:ring-red-200 px-4 py-2 cursor-pointer absolute top-2 right-2 text-gray-400 hover:text-gray-600 transition-colors"
      >
        <svg
          aria-hidden="true"
          class="w-5 h-5"
          fill="none"
          stroke="currentColor"
          viewBox="0 0 24 24"
        >
          <title>
            閉じる
          </title>
          <path
            d="M6 18L18 6M6 6l12 12"
            stroke-linecap="round"
            stroke-linejoin="round"
            stroke-width="2"
          />
        </svg>
      </button>
      テストコンテンツ
    </div>
  </div>
</div>
`;
